=================================================================
==34044==ERROR: AddressSanitizer: heap-buffer-overflow on address 0x615000000500 at pc 0x000104cddc28 bp 0x00016b122550 sp 0x00016b122548
WRITE of size 8 at 0x615000000500 thread T0
    #0 0x000104cddc24 in main main.c:78
    #1 0x0001820b3dfc in start+0x1b4c (dyld:arm64e+0x1fdfc)

0x615000000500 is located 0 bytes after 512-byte region [0x615000000300,0x615000000500)
allocated by thread T0 here:
    #0 0x000105605164 in malloc+0x78 (libclang_rt.asan_osx_dynamic.dylib:arm64e+0x41164)
    #1 0x000104cdd178 in main main.c:67
    #2 0x0001820b3dfc in start+0x1b4c (dyld:arm64e+0x1fdfc)

SUMMARY: AddressSanitizer: heap-buffer-overflow main.c:78 in main
Shadow bytes around the buggy address:
  0x615000000280: fa fa fa fa fa fa fa fa fa fa fa fa fa fa fa fa
  0x615000000300: 00 00 00 00 00 00 00 00 00 00 00 00 00 00 00 00
  0x615000000380: 00 00 00 00 00 00 00 00 00 00 00 00 00 00 00 00
  0x615000000400: 00 00 00 00 00 00 00 00 00 00 00 00 00 00 00 00
  0x615000000480: 00 00 00 00 00 00 00 00 00 00 00 00 00 00 00 00
=>0x615000000500:[fa]fa fa fa fa fa fa fa fa fa fa fa fa fa fa fa
  0x615000000580: fa fa fa fa fa fa fa fa fa fa fa fa fa fa fa fa
  0x615000000600: fa fa fa fa fa fa fa fa fa fa fa fa fa fa fa fa
  0x615000000680: fa fa fa fa fa fa fa fa fa fa fa fa fa fa fa fa
  0x615000000700: fa fa fa fa fa fa fa fa fa fa fa fa fa fa fa fa
  0x615000000780: fa fa fa fa fa fa fa fa fa fa fa fa fa fa fa fa
Shadow byte legend (one shadow byte represents 8 application bytes):
  Addressable:           00
  Partially addressable: 01 02 03 04 05 06 07 
  Heap left redzone:       fa
  Freed heap region:       fd
  Stack left redzone:      f1
  Stack mid redzone:       f2
  Stack right redzone:     f3
  Stack after return:      f5
  Stack use after scope:   f8
  Global redzone:          f9
  Global init order:       f6
  Poisoned by user:        f7
  Container overflow:      fc
  Array cookie:            ac
  Intra object redzone:    bb
  ASan internal:           fe
  Left alloca redzone:     ca
  Right alloca redzone:    cb
==34044==ABORTING
